// Jest Snapshot v1, https://goo.gl/fbAQLP

exports[`Loader renders component 1`] = `
<div
  className="flex justify-center items-center pt-4"
>
  <div
    className="animate-spin rounded-full h-16 w-16 border-t-4 border-blue-500 border-solid"
  />
</div>
`;
